// Jest Snapshot v1, https://goo.gl/fbAQLP

exports[`renders without crashing 1`] = `
<styled.span>
  SHA: undefined | By: undefined
</styled.span>
`;
