// Jest Snapshot v1, https://goo.gl/fbAQLP

exports[`renders without crashing 1`] = `
<div
  className="App"
>
  <HeaderReact />
  <main>
    <Route
      component={[Function]}
      exact={true}
      path="/"
    />
  </main>
</div>
`;
